// Jest Snapshot v1, https://goo.gl/fbAQLP

exports[`Es hora de las instantáneas Siempre fallará la instantánea 1`] = `
Object {
  "createAt": 2021-07-25T02:45:19.017Z,
  "id": 16,
}
`;

exports[`Es hora de las instantáneas Snapshot 1`] = `
Object {
  "gender": "Male",
  "id": 1,
  "name": "Rick Sanchez",
  "species": undefined,
  "status": "Alive",
}
`;

exports[`Es hora de las instantáneas Tenemos una excepción 1`] = `
Object {
  "id": Any<Number>,
  "name": "Adriana Sánchez",
}
`;
